exports[`back button renders correctly 1`] = `
<button
  className="MuiButtonBase-root-8 MuiIconButton-root-2 BasicBackButton-root-1"
  disabled={false}
  onBlur={[Function]}
  onFocus={[Function]}
  onKeyDown={[Function]}
  onKeyUp={[Function]}
  onMouseDown={[Function]}
  onMouseLeave={[Function]}
  onMouseUp={[Function]}
  onTouchEnd={[Function]}
  onTouchMove={[Function]}
  onTouchStart={[Function]}
  tabIndex="0"
  type="button">
  <span
    className="MuiIconButton-label-7">
    <svg
      aria-hidden="true"
      className="MuiSvgIcon-root-11"
      color={undefined}
      focusable="false"
      viewBox="0 0 24 24">
      <path
        d="M0 0h24v24H0z"
        fill="none" />
      <path
        d="M20 11H7.83l5.59-5.59L12 4l-8 8 8 8 1.41-1.41L7.83 13H20v-2z" />
    </svg>
  </span>
  <span
    className="MuiTouchRipple-root-18" />
</button>
`;

exports[`back button should be clickable 1`] = `
<button
  className="MuiButtonBase-root-8 MuiIconButton-root-2 BasicBackButton-root-1"
  disabled={false}
  onBlur={[Function]}
  onFocus={[Function]}
  onKeyDown={[Function]}
  onKeyUp={[Function]}
  onMouseDown={[Function]}
  onMouseLeave={[Function]}
  onMouseUp={[Function]}
  onTouchEnd={[Function]}
  onTouchMove={[Function]}
  onTouchStart={[Function]}
  tabIndex="0"
  type="button">
  <span
    className="MuiIconButton-label-7">
    <svg
      aria-hidden="true"
      className="MuiSvgIcon-root-11"
      color={undefined}
      focusable="false"
      viewBox="0 0 24 24">
      <path
        d="M0 0h24v24H0z"
        fill="none" />
      <path
        d="M20 11H7.83l5.59-5.59L12 4l-8 8 8 8 1.41-1.41L7.83 13H20v-2z" />
    </svg>
  </span>
  <span
    className="MuiTouchRipple-root-18" />
</button>
`;

exports[`back button should contain a arrow back icon 1`] = `
<button
  className="MuiButtonBase-root-8 MuiIconButton-root-2 BasicBackButton-root-1"
  disabled={false}
  onBlur={[Function]}
  onFocus={[Function]}
  onKeyDown={[Function]}
  onKeyUp={[Function]}
  onMouseDown={[Function]}
  onMouseLeave={[Function]}
  onMouseUp={[Function]}
  onTouchEnd={[Function]}
  onTouchMove={[Function]}
  onTouchStart={[Function]}
  tabIndex="0"
  type="button">
  <span
    className="MuiIconButton-label-7">
    <svg
      aria-hidden="true"
      className="MuiSvgIcon-root-11"
      color={undefined}
      focusable="false"
      viewBox="0 0 24 24">
      <path
        d="M0 0h24v24H0z"
        fill="none" />
      <path
        d="M20 11H7.83l5.59-5.59L12 4l-8 8 8 8 1.41-1.41L7.83 13H20v-2z" />
    </svg>
  </span>
  <span
    className="MuiTouchRipple-root-18" />
</button>
`;
